#doctest matrix_divided
_______________________
-----------------------
The ``matrix_divided`` test module
__________________________________
----------------------------------
adding modules...
::
>>> matrix_divided = __import__('2-matrix_divided').matrix_divided

Test 1: dividing a module by an int
::
>>> print(matrix_divided(matrix, 3))
[[0.33, 0.67, 1.0], [1.33, 1.67, 2.0]

::
>>> print(matrix_divided(matrix, 2.5))
[[0.4, 0.8, 1.2], [1.6, 2.0, 2.4]]

Test 2: Dividing a matrix by zero
::
>>> print(matrix_divided(matrix, 0))
Traceback (most recent call last):
ZeroDivisionError: division by zero

::
>>> print(matrix_divided(matrix, 0.000000000000000000001))
Traceback (most recent call last):
ZeroDivisionError: division by zero

Test 3: Different data types
::
>>> print(matrix_divided(matrix), 'Matrix')
Traceback (most recent call last):
TypeError: div must be a number

>>> print(matrix_divided(matrix, False))
Traceback (most recent call last):
TypeError: div must be a number

>>> print(matrix_divided(matrix, []))
Traceback (most recent call last):
TypeError: div must be a number

Test 4: Testing single/small matrices
